Analysis & Synthesis report for proj
Thu May 15 09:30:06 2025
Quartus Prime Version 18.1.0 Build 625 09/12/2018 SJ Lite Edition


---------------------
; Table of Contents ;
---------------------
  1. Legal Notice
  2. Analysis & Synthesis Summary
  3. Analysis & Synthesis Settings
  4. Parallel Compilation
  5. Analysis & Synthesis Source Files Read
  6. Analysis & Synthesis Resource Usage Summary
  7. Analysis & Synthesis Resource Utilization by Entity
  8. State Machine - |uart_rx_top|uart_rxv2:u_rx|state
  9. Registers Removed During Synthesis
 10. General Register Statistics
 11. Multiplexer Restructuring Statistics (Restructuring Performed)
 12. Parameter Settings for User Entity Instance: uart_rxv2:u_rx
 13. Parameter Settings for Inferred Entity Instance: hex_display:u_disp|lpm_divide:Mod0
 14. Parameter Settings for Inferred Entity Instance: hex_display:u_disp|lpm_divide:Mod1
 15. Parameter Settings for Inferred Entity Instance: hex_display:u_disp|lpm_divide:Div1
 16. Parameter Settings for Inferred Entity Instance: hex_display:u_disp|lpm_divide:Div0
 17. Port Connectivity Checks: "uart_rxv2:u_rx"
 18. Post-Synthesis Netlist Statistics for Top Partition
 19. Elapsed Time Per Partition
 20. Analysis & Synthesis Messages



----------------
; Legal Notice ;
----------------
Copyright (C) 2018  Intel Corporation. All rights reserved.
Your use of Intel Corporation's design tools, logic functions 
and other software and tools, and its AMPP partner logic 
functions, and any output files from any of the foregoing 
(including device programming or simulation files), and any 
associated documentation or information are expressly subject 
to the terms and conditions of the Intel Program License 
Subscription Agreement, the Intel Quartus Prime License Agreement,
the Intel FPGA IP License Agreement, or other applicable license
agreement, including, without limitation, that your use is for
the sole purpose of programming logic devices manufactured by
Intel and sold by Intel or its authorized distributors.  Please
refer to the applicable agreement for further details.



+----------------------------------------------------------------------------------+
; Analysis & Synthesis Summary                                                     ;
+------------------------------------+---------------------------------------------+
; Analysis & Synthesis Status        ; Successful - Thu May 15 09:30:06 2025       ;
; Quartus Prime Version              ; 18.1.0 Build 625 09/12/2018 SJ Lite Edition ;
; Revision Name                      ; proj                                        ;
; Top-level Entity Name              ; uart_rx_top                                 ;
; Family                             ; MAX 10                                      ;
; Total logic elements               ; 292                                         ;
;     Total combinational functions  ; 290                                         ;
;     Dedicated logic registers      ; 58                                          ;
; Total registers                    ; 58                                          ;
; Total pins                         ; 35                                          ;
; Total virtual pins                 ; 0                                           ;
; Total memory bits                  ; 0                                           ;
; Embedded Multiplier 9-bit elements ; 0                                           ;
; Total PLLs                         ; 0                                           ;
; UFM blocks                         ; 0                                           ;
; ADC blocks                         ; 0                                           ;
+------------------------------------+---------------------------------------------+


+------------------------------------------------------------------------------------------------------------+
; Analysis & Synthesis Settings                                                                              ;
+------------------------------------------------------------------+--------------------+--------------------+
; Option                                                           ; Setting            ; Default Value      ;
+------------------------------------------------------------------+--------------------+--------------------+
; Device                                                           ; 10M50DAF484C7G     ;                    ;
; Top-level entity name                                            ; uart_rx_top        ; proj               ;
; Family name                                                      ; MAX 10             ; Cyclone V          ;
; Use smart compilation                                            ; Off                ; Off                ;
; Enable parallel Assembler and Timing Analyzer during compilation ; On                 ; On                 ;
; Enable compact report table                                      ; Off                ; Off                ;
; Restructure Multiplexers                                         ; Auto               ; Auto               ;
; Create Debugging Nodes for IP Cores                              ; Off                ; Off                ;
; Preserve fewer node names                                        ; On                 ; On                 ;
; Intel FPGA IP Evaluation Mode                                    ; Enable             ; Enable             ;
; Verilog Version                                                  ; Verilog_2001       ; Verilog_2001       ;
; VHDL Version                                                     ; VHDL_1993          ; VHDL_1993          ;
; State Machine Processing                                         ; Auto               ; Auto               ;
; Safe State Machine                                               ; Off                ; Off                ;
; Extract Verilog State Machines                                   ; On                 ; On                 ;
; Extract VHDL State Machines                                      ; On                 ; On                 ;
; Ignore Verilog initial constructs                                ; Off                ; Off                ;
; Iteration limit for constant Verilog loops                       ; 5000               ; 5000               ;
; Iteration limit for non-constant Verilog loops                   ; 250                ; 250                ;
; Add Pass-Through Logic to Inferred RAMs                          ; On                 ; On                 ;
; Infer RAMs from Raw Logic                                        ; On                 ; On                 ;
; Parallel Synthesis                                               ; On                 ; On                 ;
; DSP Block Balancing                                              ; Auto               ; Auto               ;
; NOT Gate Push-Back                                               ; On                 ; On                 ;
; Power-Up Don't Care                                              ; On                 ; On                 ;
; Remove Redundant Logic Cells                                     ; Off                ; Off                ;
; Remove Duplicate Registers                                       ; On                 ; On                 ;
; Ignore CARRY Buffers                                             ; Off                ; Off                ;
; Ignore CASCADE Buffers                                           ; Off                ; Off                ;
; Ignore GLOBAL Buffers                                            ; Off                ; Off                ;
; Ignore ROW GLOBAL Buffers                                        ; Off                ; Off                ;
; Ignore LCELL Buffers                                             ; Off                ; Off                ;
; Ignore SOFT Buffers                                              ; On                 ; On                 ;
; Limit AHDL Integers to 32 Bits                                   ; Off                ; Off                ;
; Optimization Technique                                           ; Balanced           ; Balanced           ;
; Carry Chain Length                                               ; 70                 ; 70                 ;
; Auto Carry Chains                                                ; On                 ; On                 ;
; Auto Open-Drain Pins                                             ; On                 ; On                 ;
; Perform WYSIWYG Primitive Resynthesis                            ; Off                ; Off                ;
; Auto ROM Replacement                                             ; On                 ; On                 ;
; Auto RAM Replacement                                             ; On                 ; On                 ;
; Auto DSP Block Replacement                                       ; On                 ; On                 ;
; Auto Shift Register Replacement                                  ; Auto               ; Auto               ;
; Allow Shift Register Merging across Hierarchies                  ; Auto               ; Auto               ;
; Auto Clock Enable Replacement                                    ; On                 ; On                 ;
; Strict RAM Replacement                                           ; Off                ; Off                ;
; Allow Synchronous Control Signals                                ; On                 ; On                 ;
; Force Use of Synchronous Clear Signals                           ; Off                ; Off                ;
; Auto RAM Block Balancing                                         ; On                 ; On                 ;
; Auto RAM to Logic Cell Conversion                                ; Off                ; Off                ;
; Auto Resource Sharing                                            ; Off                ; Off                ;
; Allow Any RAM Size For Recognition                               ; Off                ; Off                ;
; Allow Any ROM Size For Recognition                               ; Off                ; Off                ;
; Allow Any Shift Register Size For Recognition                    ; Off                ; Off                ;
; Use LogicLock Constraints during Resource Balancing              ; On                 ; On                 ;
; Ignore translate_off and synthesis_off directives                ; Off                ; Off                ;
; Timing-Driven Synthesis                                          ; On                 ; On                 ;
; Report Parameter Settings                                        ; On                 ; On                 ;
; Report Source Assignments                                        ; On                 ; On                 ;
; Report Connectivity Checks                                       ; On                 ; On                 ;
; Ignore Maximum Fan-Out Assignments                               ; Off                ; Off                ;
; Synchronization Register Chain Length                            ; 2                  ; 2                  ;
; Power Optimization During Synthesis                              ; Normal compilation ; Normal compilation ;
; HDL message level                                                ; Level2             ; Level2             ;
; Suppress Register Optimization Related Messages                  ; Off                ; Off                ;
; Number of Removed Registers Reported in Synthesis Report         ; 5000               ; 5000               ;
; Number of Swept Nodes Reported in Synthesis Report               ; 5000               ; 5000               ;
; Number of Inverted Registers Reported in Synthesis Report        ; 100                ; 100                ;
; Clock MUX Protection                                             ; On                 ; On                 ;
; Auto Gated Clock Conversion                                      ; Off                ; Off                ;
; Block Design Naming                                              ; Auto               ; Auto               ;
; SDC constraint protection                                        ; Off                ; Off                ;
; Synthesis Effort                                                 ; Auto               ; Auto               ;
; Shift Register Replacement - Allow Asynchronous Clear Signal     ; On                 ; On                 ;
; Pre-Mapping Resynthesis Optimization                             ; Off                ; Off                ;
; Analysis & Synthesis Message Level                               ; Medium             ; Medium             ;
; Disable Register Merging Across Hierarchies                      ; Auto               ; Auto               ;
; Resource Aware Inference For Block RAM                           ; On                 ; On                 ;
+------------------------------------------------------------------+--------------------+--------------------+


+------------------------------------------+
; Parallel Compilation                     ;
+----------------------------+-------------+
; Processors                 ; Number      ;
+----------------------------+-------------+
; Number detected on machine ; 12          ;
; Maximum allowed            ; 8           ;
;                            ;             ;
; Average used               ; 1.00        ;
; Maximum used               ; 8           ;
;                            ;             ;
; Usage by Processor         ; % Time Used ;
;     Processor 1            ; 100.0%      ;
;     Processors 2-8         ;   0.0%      ;
+----------------------------+-------------+


+--------------------------------------------------------------------------------------------------------------------------------------------------------------------------+
; Analysis & Synthesis Source Files Read                                                                                                                                   ;
+----------------------------------+-----------------+------------------------------+----------------------------------------------------------------------------+---------+
; File Name with User-Entered Path ; Used in Netlist ; File Type                    ; File Name with Absolute Path                                               ; Library ;
+----------------------------------+-----------------+------------------------------+----------------------------------------------------------------------------+---------+
; uart_rxv2.sv                     ; yes             ; User SystemVerilog HDL File  ; D:/YeeXun/ECE4063/proj/uart_rxv2.sv                                        ;         ;
; uart_rx_top.sv                   ; yes             ; User SystemVerilog HDL File  ; D:/YeeXun/ECE4063/proj/uart_rx_top.sv                                      ;         ;
; hex_display.sv                   ; yes             ; User SystemVerilog HDL File  ; D:/YeeXun/ECE4063/proj/hex_display.sv                                      ;         ;
; hex_decoder.sv                   ; yes             ; User SystemVerilog HDL File  ; D:/YeeXun/ECE4063/proj/hex_decoder.sv                                      ;         ;
; lpm_divide.tdf                   ; yes             ; Megafunction                 ; d:/intelfpga_lite/18.1/quartus/libraries/megafunctions/lpm_divide.tdf      ;         ;
; abs_divider.inc                  ; yes             ; Megafunction                 ; d:/intelfpga_lite/18.1/quartus/libraries/megafunctions/abs_divider.inc     ;         ;
; sign_div_unsign.inc              ; yes             ; Megafunction                 ; d:/intelfpga_lite/18.1/quartus/libraries/megafunctions/sign_div_unsign.inc ;         ;
; aglobal181.inc                   ; yes             ; Megafunction                 ; d:/intelfpga_lite/18.1/quartus/libraries/megafunctions/aglobal181.inc      ;         ;
; db/lpm_divide_fkl.tdf            ; yes             ; Auto-Generated Megafunction  ; D:/YeeXun/ECE4063/proj/db/lpm_divide_fkl.tdf                               ;         ;
; db/sign_div_unsign_ekh.tdf       ; yes             ; Auto-Generated Megafunction  ; D:/YeeXun/ECE4063/proj/db/sign_div_unsign_ekh.tdf                          ;         ;
; db/alt_u_div_6fe.tdf             ; yes             ; Auto-Generated Megafunction  ; D:/YeeXun/ECE4063/proj/db/alt_u_div_6fe.tdf                                ;         ;
; db/add_sub_t3c.tdf               ; yes             ; Auto-Generated Megafunction  ; D:/YeeXun/ECE4063/proj/db/add_sub_t3c.tdf                                  ;         ;
; db/add_sub_u3c.tdf               ; yes             ; Auto-Generated Megafunction  ; D:/YeeXun/ECE4063/proj/db/add_sub_u3c.tdf                                  ;         ;
; db/lpm_divide_bkl.tdf            ; yes             ; Auto-Generated Megafunction  ; D:/YeeXun/ECE4063/proj/db/lpm_divide_bkl.tdf                               ;         ;
; db/sign_div_unsign_akh.tdf       ; yes             ; Auto-Generated Megafunction  ; D:/YeeXun/ECE4063/proj/db/sign_div_unsign_akh.tdf                          ;         ;
; db/alt_u_div_uee.tdf             ; yes             ; Auto-Generated Megafunction  ; D:/YeeXun/ECE4063/proj/db/alt_u_div_uee.tdf                                ;         ;
; db/lpm_divide_8sl.tdf            ; yes             ; Auto-Generated Megafunction  ; D:/YeeXun/ECE4063/proj/db/lpm_divide_8sl.tdf                               ;         ;
; db/lpm_divide_csl.tdf            ; yes             ; Auto-Generated Megafunction  ; D:/YeeXun/ECE4063/proj/db/lpm_divide_csl.tdf                               ;         ;
+----------------------------------+-----------------+------------------------------+----------------------------------------------------------------------------+---------+


+---------------------------------------------------------+
; Analysis & Synthesis Resource Usage Summary             ;
+---------------------------------------------+-----------+
; Resource                                    ; Usage     ;
+---------------------------------------------+-----------+
; Estimated Total logic elements              ; 292       ;
;                                             ;           ;
; Total combinational functions               ; 290       ;
; Logic element usage by number of LUT inputs ;           ;
;     -- 4 input functions                    ; 101       ;
;     -- 3 input functions                    ; 51        ;
;     -- <=2 input functions                  ; 138       ;
;                                             ;           ;
; Logic elements by mode                      ;           ;
;     -- normal mode                          ; 208       ;
;     -- arithmetic mode                      ; 82        ;
;                                             ;           ;
; Total registers                             ; 58        ;
;     -- Dedicated logic registers            ; 58        ;
;     -- I/O registers                        ; 0         ;
;                                             ;           ;
; I/O pins                                    ; 35        ;
;                                             ;           ;
; Embedded Multiplier 9-bit elements          ; 0         ;
;                                             ;           ;
; Maximum fan-out node                        ; clk~input ;
; Maximum fan-out                             ; 58        ;
; Total fan-out                               ; 1024      ;
; Average fan-out                             ; 2.45      ;
+---------------------------------------------+-----------+


+-----------------------------------------------------------------------------------------------------------------------------------------------------------------------------------------------------------------------------------------------------------------------------------------------------------------------------------------------------------------------+
; Analysis & Synthesis Resource Utilization by Entity                                                                                                                                                                                                                                                                                                                   ;
+-------------------------------------------+---------------------+---------------------------+-------------+------------+--------------+---------+-----------+------+--------------+------------+---------------------------------------------------------------------------------------------------------------------------------+---------------------+--------------+
; Compilation Hierarchy Node                ; Combinational ALUTs ; Dedicated Logic Registers ; Memory Bits ; UFM Blocks ; DSP Elements ; DSP 9x9 ; DSP 18x18 ; Pins ; Virtual Pins ; ADC blocks ; Full Hierarchy Name                                                                                                             ; Entity Name         ; Library Name ;
+-------------------------------------------+---------------------+---------------------------+-------------+------------+--------------+---------+-----------+------+--------------+------------+---------------------------------------------------------------------------------------------------------------------------------+---------------------+--------------+
; |uart_rx_top                              ; 290 (0)             ; 58 (0)                    ; 0           ; 0          ; 0            ; 0       ; 0         ; 35   ; 0            ; 0          ; |uart_rx_top                                                                                                                    ; uart_rx_top         ; work         ;
;    |hex_decoder:h0|                       ; 7 (7)               ; 0 (0)                     ; 0           ; 0          ; 0            ; 0       ; 0         ; 0    ; 0            ; 0          ; |uart_rx_top|hex_decoder:h0                                                                                                     ; hex_decoder         ; work         ;
;    |hex_decoder:h1|                       ; 7 (7)               ; 0 (0)                     ; 0           ; 0          ; 0            ; 0       ; 0         ; 0    ; 0            ; 0          ; |uart_rx_top|hex_decoder:h1                                                                                                     ; hex_decoder         ; work         ;
;    |hex_decoder:h2|                       ; 3 (3)               ; 0 (0)                     ; 0           ; 0          ; 0            ; 0       ; 0         ; 0    ; 0            ; 0          ; |uart_rx_top|hex_decoder:h2                                                                                                     ; hex_decoder         ; work         ;
;    |hex_display:u_disp|                   ; 164 (0)             ; 0 (0)                     ; 0           ; 0          ; 0            ; 0       ; 0         ; 0    ; 0            ; 0          ; |uart_rx_top|hex_display:u_disp                                                                                                 ; hex_display         ; work         ;
;       |lpm_divide:Div0|                   ; 25 (0)              ; 0 (0)                     ; 0           ; 0          ; 0            ; 0       ; 0         ; 0    ; 0            ; 0          ; |uart_rx_top|hex_display:u_disp|lpm_divide:Div0                                                                                 ; lpm_divide          ; work         ;
;          |lpm_divide_csl:auto_generated|  ; 25 (0)              ; 0 (0)                     ; 0           ; 0          ; 0            ; 0       ; 0         ; 0    ; 0            ; 0          ; |uart_rx_top|hex_display:u_disp|lpm_divide:Div0|lpm_divide_csl:auto_generated                                                   ; lpm_divide_csl      ; work         ;
;             |sign_div_unsign_ekh:divider| ; 25 (0)              ; 0 (0)                     ; 0           ; 0          ; 0            ; 0       ; 0         ; 0    ; 0            ; 0          ; |uart_rx_top|hex_display:u_disp|lpm_divide:Div0|lpm_divide_csl:auto_generated|sign_div_unsign_ekh:divider                       ; sign_div_unsign_ekh ; work         ;
;                |alt_u_div_6fe:divider|    ; 25 (25)             ; 0 (0)                     ; 0           ; 0          ; 0            ; 0       ; 0         ; 0    ; 0            ; 0          ; |uart_rx_top|hex_display:u_disp|lpm_divide:Div0|lpm_divide_csl:auto_generated|sign_div_unsign_ekh:divider|alt_u_div_6fe:divider ; alt_u_div_6fe       ; work         ;
;       |lpm_divide:Div1|                   ; 46 (0)              ; 0 (0)                     ; 0           ; 0          ; 0            ; 0       ; 0         ; 0    ; 0            ; 0          ; |uart_rx_top|hex_display:u_disp|lpm_divide:Div1                                                                                 ; lpm_divide          ; work         ;
;          |lpm_divide_8sl:auto_generated|  ; 46 (0)              ; 0 (0)                     ; 0           ; 0          ; 0            ; 0       ; 0         ; 0    ; 0            ; 0          ; |uart_rx_top|hex_display:u_disp|lpm_divide:Div1|lpm_divide_8sl:auto_generated                                                   ; lpm_divide_8sl      ; work         ;
;             |sign_div_unsign_akh:divider| ; 46 (0)              ; 0 (0)                     ; 0           ; 0          ; 0            ; 0       ; 0         ; 0    ; 0            ; 0          ; |uart_rx_top|hex_display:u_disp|lpm_divide:Div1|lpm_divide_8sl:auto_generated|sign_div_unsign_akh:divider                       ; sign_div_unsign_akh ; work         ;
;                |alt_u_div_uee:divider|    ; 46 (46)             ; 0 (0)                     ; 0           ; 0          ; 0            ; 0       ; 0         ; 0    ; 0            ; 0          ; |uart_rx_top|hex_display:u_disp|lpm_divide:Div1|lpm_divide_8sl:auto_generated|sign_div_unsign_akh:divider|alt_u_div_uee:divider ; alt_u_div_uee       ; work         ;
;       |lpm_divide:Mod0|                   ; 42 (0)              ; 0 (0)                     ; 0           ; 0          ; 0            ; 0       ; 0         ; 0    ; 0            ; 0          ; |uart_rx_top|hex_display:u_disp|lpm_divide:Mod0                                                                                 ; lpm_divide          ; work         ;
;          |lpm_divide_fkl:auto_generated|  ; 42 (0)              ; 0 (0)                     ; 0           ; 0          ; 0            ; 0       ; 0         ; 0    ; 0            ; 0          ; |uart_rx_top|hex_display:u_disp|lpm_divide:Mod0|lpm_divide_fkl:auto_generated                                                   ; lpm_divide_fkl      ; work         ;
;             |sign_div_unsign_ekh:divider| ; 42 (0)              ; 0 (0)                     ; 0           ; 0          ; 0            ; 0       ; 0         ; 0    ; 0            ; 0          ; |uart_rx_top|hex_display:u_disp|lpm_divide:Mod0|lpm_divide_fkl:auto_generated|sign_div_unsign_ekh:divider                       ; sign_div_unsign_ekh ; work         ;
;                |alt_u_div_6fe:divider|    ; 42 (42)             ; 0 (0)                     ; 0           ; 0          ; 0            ; 0       ; 0         ; 0    ; 0            ; 0          ; |uart_rx_top|hex_display:u_disp|lpm_divide:Mod0|lpm_divide_fkl:auto_generated|sign_div_unsign_ekh:divider|alt_u_div_6fe:divider ; alt_u_div_6fe       ; work         ;
;       |lpm_divide:Mod1|                   ; 51 (0)              ; 0 (0)                     ; 0           ; 0          ; 0            ; 0       ; 0         ; 0    ; 0            ; 0          ; |uart_rx_top|hex_display:u_disp|lpm_divide:Mod1                                                                                 ; lpm_divide          ; work         ;
;          |lpm_divide_bkl:auto_generated|  ; 51 (0)              ; 0 (0)                     ; 0           ; 0          ; 0            ; 0       ; 0         ; 0    ; 0            ; 0          ; |uart_rx_top|hex_display:u_disp|lpm_divide:Mod1|lpm_divide_bkl:auto_generated                                                   ; lpm_divide_bkl      ; work         ;
;             |sign_div_unsign_akh:divider| ; 51 (0)              ; 0 (0)                     ; 0           ; 0          ; 0            ; 0       ; 0         ; 0    ; 0            ; 0          ; |uart_rx_top|hex_display:u_disp|lpm_divide:Mod1|lpm_divide_bkl:auto_generated|sign_div_unsign_akh:divider                       ; sign_div_unsign_akh ; work         ;
;                |alt_u_div_uee:divider|    ; 51 (51)             ; 0 (0)                     ; 0           ; 0          ; 0            ; 0       ; 0         ; 0    ; 0            ; 0          ; |uart_rx_top|hex_display:u_disp|lpm_divide:Mod1|lpm_divide_bkl:auto_generated|sign_div_unsign_akh:divider|alt_u_div_uee:divider ; alt_u_div_uee       ; work         ;
;    |uart_rxv2:u_rx|                       ; 109 (109)           ; 58 (58)                   ; 0           ; 0          ; 0            ; 0       ; 0         ; 0    ; 0            ; 0          ; |uart_rx_top|uart_rxv2:u_rx                                                                                                     ; uart_rxv2           ; work         ;
+-------------------------------------------+---------------------+---------------------------+-------------+------------+--------------+---------+-----------+------+--------------+------------+---------------------------------------------------------------------------------------------------------------------------------+---------------------+--------------+
Note: For table entries with two numbers listed, the numbers in parentheses indicate the number of resources of the given type used by the specific entity alone. The numbers listed outside of parentheses indicate the total resources of the given type used by the specific entity and all of its sub-entities in the hierarchy.


Encoding Type:  One-Hot
+------------------------------------------------------------------+
; State Machine - |uart_rx_top|uart_rxv2:u_rx|state                ;
+-------------+------------+------------+-------------+------------+
; Name        ; state.STOP ; state.DATA ; state.START ; state.IDLE ;
+-------------+------------+------------+-------------+------------+
; state.IDLE  ; 0          ; 0          ; 0           ; 0          ;
; state.START ; 0          ; 0          ; 1           ; 1          ;
; state.DATA  ; 0          ; 1          ; 0           ; 1          ;
; state.STOP  ; 1          ; 0          ; 0           ; 1          ;
+-------------+------------+------------+-------------+------------+


+------------------------------------------------------------+
; Registers Removed During Synthesis                         ;
+---------------------------------------+--------------------+
; Register name                         ; Reason for Removal ;
+---------------------------------------+--------------------+
; uart_rxv2:u_rx|state~6                ; Lost fanout        ;
; uart_rxv2:u_rx|state~7                ; Lost fanout        ;
; Total Number of Removed Registers = 2 ;                    ;
+---------------------------------------+--------------------+


+------------------------------------------------------+
; General Register Statistics                          ;
+----------------------------------------------+-------+
; Statistic                                    ; Value ;
+----------------------------------------------+-------+
; Total registers                              ; 58    ;
; Number of registers using Synchronous Clear  ; 29    ;
; Number of registers using Synchronous Load   ; 0     ;
; Number of registers using Asynchronous Clear ; 0     ;
; Number of registers using Asynchronous Load  ; 0     ;
; Number of registers using Clock Enable       ; 8     ;
; Number of registers using Preset             ; 0     ;
+----------------------------------------------+-------+


+-----------------------------------------------------------------------------------------------------------------------------------------------------------+
; Multiplexer Restructuring Statistics (Restructuring Performed)                                                                                            ;
+--------------------+-----------+---------------+----------------------+------------------------+------------+---------------------------------------------+
; Multiplexer Inputs ; Bus Width ; Baseline Area ; Area if Restructured ; Saving if Restructured ; Registered ; Example Multiplexer Output                  ;
+--------------------+-----------+---------------+----------------------+------------------------+------------+---------------------------------------------+
; 3:1                ; 8 bits    ; 16 LEs        ; 8 LEs                ; 8 LEs                  ; Yes        ; |uart_rx_top|uart_rxv2:u_rx|rx_latch[3]     ;
; 3:1                ; 16 bits   ; 32 LEs        ; 16 LEs               ; 16 LEs                 ; Yes        ; |uart_rx_top|uart_rxv2:u_rx|watchdog_cnt[9] ;
; 6:1                ; 15 bits   ; 60 LEs        ; 15 LEs               ; 45 LEs                 ; Yes        ; |uart_rx_top|uart_rxv2:u_rx|baud_cnt[7]     ;
; 3:1                ; 4 bits    ; 8 LEs         ; 8 LEs                ; 0 LEs                  ; No         ; |uart_rx_top|uart_rxv2:u_rx|bit_cnt         ;
; 7:1                ; 3 bits    ; 12 LEs        ; 12 LEs               ; 0 LEs                  ; No         ; |uart_rx_top|uart_rxv2:u_rx|state           ;
+--------------------+-----------+---------------+----------------------+------------------------+------------+---------------------------------------------+


+-------------------------------------------------------------+
; Parameter Settings for User Entity Instance: uart_rxv2:u_rx ;
+----------------+----------+---------------------------------+
; Parameter Name ; Value    ; Type                            ;
+----------------+----------+---------------------------------+
; CLK_FREQ       ; 50000000 ; Signed Integer                  ;
; BAUD           ; 100000   ; Signed Integer                  ;
+----------------+----------+---------------------------------+
Note: In order to hide this table in the UI and the text report file, please set the "Show Parameter Settings in Synthesis Report" option in "Analysis and Synthesis Settings -> More Settings" to "Off".


+-------------------------------------------------------------------------------------+
; Parameter Settings for Inferred Entity Instance: hex_display:u_disp|lpm_divide:Mod0 ;
+------------------------+----------------+-------------------------------------------+
; Parameter Name         ; Value          ; Type                                      ;
+------------------------+----------------+-------------------------------------------+
; LPM_WIDTHN             ; 8              ; Untyped                                   ;
; LPM_WIDTHD             ; 7              ; Untyped                                   ;
; LPM_NREPRESENTATION    ; UNSIGNED       ; Untyped                                   ;
; LPM_DREPRESENTATION    ; UNSIGNED       ; Untyped                                   ;
; LPM_PIPELINE           ; 0              ; Untyped                                   ;
; LPM_REMAINDERPOSITIVE  ; TRUE           ; Untyped                                   ;
; MAXIMIZE_SPEED         ; 5              ; Untyped                                   ;
; CBXI_PARAMETER         ; lpm_divide_fkl ; Untyped                                   ;
; CARRY_CHAIN            ; MANUAL         ; Untyped                                   ;
; OPTIMIZE_FOR_SPEED     ; 5              ; Untyped                                   ;
; AUTO_CARRY_CHAINS      ; ON             ; AUTO_CARRY                                ;
; IGNORE_CARRY_BUFFERS   ; OFF            ; IGNORE_CARRY                              ;
; AUTO_CASCADE_CHAINS    ; ON             ; AUTO_CASCADE                              ;
; IGNORE_CASCADE_BUFFERS ; OFF            ; IGNORE_CASCADE                            ;
+------------------------+----------------+-------------------------------------------+
Note: In order to hide this table in the UI and the text report file, please set the "Show Parameter Settings in Synthesis Report" option in "Analysis and Synthesis Settings -> More Settings" to "Off".


+-------------------------------------------------------------------------------------+
; Parameter Settings for Inferred Entity Instance: hex_display:u_disp|lpm_divide:Mod1 ;
+------------------------+----------------+-------------------------------------------+
; Parameter Name         ; Value          ; Type                                      ;
+------------------------+----------------+-------------------------------------------+
; LPM_WIDTHN             ; 7              ; Untyped                                   ;
; LPM_WIDTHD             ; 4              ; Untyped                                   ;
; LPM_NREPRESENTATION    ; UNSIGNED       ; Untyped                                   ;
; LPM_DREPRESENTATION    ; UNSIGNED       ; Untyped                                   ;
; LPM_PIPELINE           ; 0              ; Untyped                                   ;
; LPM_REMAINDERPOSITIVE  ; TRUE           ; Untyped                                   ;
; MAXIMIZE_SPEED         ; 5              ; Untyped                                   ;
; CBXI_PARAMETER         ; lpm_divide_bkl ; Untyped                                   ;
; CARRY_CHAIN            ; MANUAL         ; Untyped                                   ;
; OPTIMIZE_FOR_SPEED     ; 5              ; Untyped                                   ;
; AUTO_CARRY_CHAINS      ; ON             ; AUTO_CARRY                                ;
; IGNORE_CARRY_BUFFERS   ; OFF            ; IGNORE_CARRY                              ;
; AUTO_CASCADE_CHAINS    ; ON             ; AUTO_CASCADE                              ;
; IGNORE_CASCADE_BUFFERS ; OFF            ; IGNORE_CASCADE                            ;
+------------------------+----------------+-------------------------------------------+
Note: In order to hide this table in the UI and the text report file, please set the "Show Parameter Settings in Synthesis Report" option in "Analysis and Synthesis Settings -> More Settings" to "Off".


+-------------------------------------------------------------------------------------+
; Parameter Settings for Inferred Entity Instance: hex_display:u_disp|lpm_divide:Div1 ;
+------------------------+----------------+-------------------------------------------+
; Parameter Name         ; Value          ; Type                                      ;
+------------------------+----------------+-------------------------------------------+
; LPM_WIDTHN             ; 7              ; Untyped                                   ;
; LPM_WIDTHD             ; 4              ; Untyped                                   ;
; LPM_NREPRESENTATION    ; UNSIGNED       ; Untyped                                   ;
; LPM_DREPRESENTATION    ; UNSIGNED       ; Untyped                                   ;
; LPM_PIPELINE           ; 0              ; Untyped                                   ;
; LPM_REMAINDERPOSITIVE  ; TRUE           ; Untyped                                   ;
; MAXIMIZE_SPEED         ; 5              ; Untyped                                   ;
; CBXI_PARAMETER         ; lpm_divide_8sl ; Untyped                                   ;
; CARRY_CHAIN            ; MANUAL         ; Untyped                                   ;
; OPTIMIZE_FOR_SPEED     ; 5              ; Untyped                                   ;
; AUTO_CARRY_CHAINS      ; ON             ; AUTO_CARRY                                ;
; IGNORE_CARRY_BUFFERS   ; OFF            ; IGNORE_CARRY                              ;
; AUTO_CASCADE_CHAINS    ; ON             ; AUTO_CASCADE                              ;
; IGNORE_CASCADE_BUFFERS ; OFF            ; IGNORE_CASCADE                            ;
+------------------------+----------------+-------------------------------------------+
Note: In order to hide this table in the UI and the text report file, please set the "Show Parameter Settings in Synthesis Report" option in "Analysis and Synthesis Settings -> More Settings" to "Off".


+-------------------------------------------------------------------------------------+
; Parameter Settings for Inferred Entity Instance: hex_display:u_disp|lpm_divide:Div0 ;
+------------------------+----------------+-------------------------------------------+
; Parameter Name         ; Value          ; Type                                      ;
+------------------------+----------------+-------------------------------------------+
; LPM_WIDTHN             ; 8              ; Untyped                                   ;
; LPM_WIDTHD             ; 7              ; Untyped                                   ;
; LPM_NREPRESENTATION    ; UNSIGNED       ; Untyped                                   ;
; LPM_DREPRESENTATION    ; UNSIGNED       ; Untyped                                   ;
; LPM_PIPELINE           ; 0              ; Untyped                                   ;
; LPM_REMAINDERPOSITIVE  ; TRUE           ; Untyped                                   ;
; MAXIMIZE_SPEED         ; 5              ; Untyped                                   ;
; CBXI_PARAMETER         ; lpm_divide_csl ; Untyped                                   ;
; CARRY_CHAIN            ; MANUAL         ; Untyped                                   ;
; OPTIMIZE_FOR_SPEED     ; 5              ; Untyped                                   ;
; AUTO_CARRY_CHAINS      ; ON             ; AUTO_CARRY                                ;
; IGNORE_CARRY_BUFFERS   ; OFF            ; IGNORE_CARRY                              ;
; AUTO_CASCADE_CHAINS    ; ON             ; AUTO_CASCADE                              ;
; IGNORE_CASCADE_BUFFERS ; OFF            ; IGNORE_CASCADE                            ;
+------------------------+----------------+-------------------------------------------+
Note: In order to hide this table in the UI and the text report file, please set the "Show Parameter Settings in Synthesis Report" option in "Analysis and Synthesis Settings -> More Settings" to "Off".


+----------------------------------------------------------------------------------------------------------------------+
; Port Connectivity Checks: "uart_rxv2:u_rx"                                                                           ;
+------------+--------+----------+-------------------------------------------------------------------------------------+
; Port       ; Type   ; Severity ; Details                                                                             ;
+------------+--------+----------+-------------------------------------------------------------------------------------+
; data_valid ; Output ; Info     ; Connected to dangling logic. Logic that only feeds a dangling port will be removed. ;
+------------+--------+----------+-------------------------------------------------------------------------------------+


+-----------------------------------------------------+
; Post-Synthesis Netlist Statistics for Top Partition ;
+-----------------------+-----------------------------+
; Type                  ; Count                       ;
+-----------------------+-----------------------------+
; boundary_port         ; 35                          ;
; cycloneiii_ff         ; 58                          ;
;     ENA               ; 8                           ;
;     SCLR              ; 29                          ;
;     plain             ; 21                          ;
; cycloneiii_lcell_comb ; 294                         ;
;     arith             ; 82                          ;
;         2 data inputs ; 40                          ;
;         3 data inputs ; 42                          ;
;     normal            ; 212                         ;
;         0 data inputs ; 13                          ;
;         1 data inputs ; 5                           ;
;         2 data inputs ; 84                          ;
;         3 data inputs ; 9                           ;
;         4 data inputs ; 101                         ;
;                       ;                             ;
; Max LUT depth         ; 16.60                       ;
; Average LUT depth     ; 9.23                        ;
+-----------------------+-----------------------------+


+-------------------------------+
; Elapsed Time Per Partition    ;
+----------------+--------------+
; Partition Name ; Elapsed Time ;
+----------------+--------------+
; Top            ; 00:00:00     ;
+----------------+--------------+


+-------------------------------+
; Analysis & Synthesis Messages ;
+-------------------------------+
Info: *******************************************************************
Info: Running Quartus Prime Analysis & Synthesis
    Info: Version 18.1.0 Build 625 09/12/2018 SJ Lite Edition
    Info: Processing started: Thu May 15 09:29:58 2025
Info: Command: quartus_map --read_settings_files=on --write_settings_files=off proj -c proj
Warning (18236): Number of processors has not been specified which may cause overloading on shared machines.  Set the global assignment NUM_PARALLEL_PROCESSORS in your QSF to an appropriate value for best performance.
Info (20030): Parallel compilation is enabled and will use 8 of the 8 processors detected
Info (12021): Found 1 design units, including 1 entities, in source file uart_rxv2.sv
    Info (12023): Found entity 1: uart_rxv2 File: D:/YeeXun/ECE4063/proj/uart_rxv2.sv Line: 1
Info (12021): Found 1 design units, including 1 entities, in source file uart_rx_top.sv
    Info (12023): Found entity 1: uart_rx_top File: D:/YeeXun/ECE4063/proj/uart_rx_top.sv Line: 1
Info (12021): Found 1 design units, including 1 entities, in source file hex_display.sv
    Info (12023): Found entity 1: hex_display File: D:/YeeXun/ECE4063/proj/hex_display.sv Line: 1
Info (12021): Found 1 design units, including 1 entities, in source file hex_decoder.sv
    Info (12023): Found entity 1: hex_decoder File: D:/YeeXun/ECE4063/proj/hex_decoder.sv Line: 1
Info (12127): Elaborating entity "uart_rx_top" for the top level hierarchy
Info (12128): Elaborating entity "uart_rxv2" for hierarchy "uart_rxv2:u_rx" File: D:/YeeXun/ECE4063/proj/uart_rx_top.sv Line: 28
Warning (10230): Verilog HDL assignment warning at uart_rxv2.sv(51): truncated value with size 32 to match size of target (16) File: D:/YeeXun/ECE4063/proj/uart_rxv2.sv Line: 51
Warning (10230): Verilog HDL assignment warning at uart_rxv2.sv(74): truncated value with size 32 to match size of target (16) File: D:/YeeXun/ECE4063/proj/uart_rxv2.sv Line: 74
Warning (10230): Verilog HDL assignment warning at uart_rxv2.sv(86): truncated value with size 32 to match size of target (4) File: D:/YeeXun/ECE4063/proj/uart_rxv2.sv Line: 86
Warning (10230): Verilog HDL assignment warning at uart_rxv2.sv(89): truncated value with size 32 to match size of target (16) File: D:/YeeXun/ECE4063/proj/uart_rxv2.sv Line: 89
Warning (10230): Verilog HDL assignment warning at uart_rxv2.sv(102): truncated value with size 32 to match size of target (16) File: D:/YeeXun/ECE4063/proj/uart_rxv2.sv Line: 102
Info (12128): Elaborating entity "hex_display" for hierarchy "hex_display:u_disp" File: D:/YeeXun/ECE4063/proj/uart_rx_top.sv Line: 38
Warning (10230): Verilog HDL assignment warning at hex_display.sv(12): truncated value with size 32 to match size of target (4) File: D:/YeeXun/ECE4063/proj/hex_display.sv Line: 12
Warning (10230): Verilog HDL assignment warning at hex_display.sv(13): truncated value with size 32 to match size of target (8) File: D:/YeeXun/ECE4063/proj/hex_display.sv Line: 13
Warning (10230): Verilog HDL assignment warning at hex_display.sv(14): truncated value with size 32 to match size of target (4) File: D:/YeeXun/ECE4063/proj/hex_display.sv Line: 14
Warning (10230): Verilog HDL assignment warning at hex_display.sv(15): truncated value with size 32 to match size of target (4) File: D:/YeeXun/ECE4063/proj/hex_display.sv Line: 15
Info (12128): Elaborating entity "hex_decoder" for hierarchy "hex_decoder:h0" File: D:/YeeXun/ECE4063/proj/uart_rx_top.sv Line: 41
Info (278001): Inferred 4 megafunctions from design logic
    Info (278004): Inferred divider/modulo megafunction ("lpm_divide") from the following logic: "hex_display:u_disp|Mod0" File: D:/YeeXun/ECE4063/proj/hex_display.sv Line: 13
    Info (278004): Inferred divider/modulo megafunction ("lpm_divide") from the following logic: "hex_display:u_disp|Mod1" File: D:/YeeXun/ECE4063/proj/hex_display.sv Line: 15
    Info (278004): Inferred divider/modulo megafunction ("lpm_divide") from the following logic: "hex_display:u_disp|Div1" File: D:/YeeXun/ECE4063/proj/hex_display.sv Line: 14
    Info (278004): Inferred divider/modulo megafunction ("lpm_divide") from the following logic: "hex_display:u_disp|Div0" File: D:/YeeXun/ECE4063/proj/hex_display.sv Line: 12
Info (12130): Elaborated megafunction instantiation "hex_display:u_disp|lpm_divide:Mod0" File: D:/YeeXun/ECE4063/proj/hex_display.sv Line: 13
Info (12133): Instantiated megafunction "hex_display:u_disp|lpm_divide:Mod0" with the following parameter: File: D:/YeeXun/ECE4063/proj/hex_display.sv Line: 13
    Info (12134): Parameter "LPM_WIDTHN" = "8"
    Info (12134): Parameter "LPM_WIDTHD" = "7"
    Info (12134): Parameter "LPM_NREPRESENTATION" = "UNSIGNED"
    Info (12134): Parameter "LPM_DREPRESENTATION" = "UNSIGNED"
Info (12021): Found 1 design units, including 1 entities, in source file db/lpm_divide_fkl.tdf
    Info (12023): Found entity 1: lpm_divide_fkl File: D:/YeeXun/ECE4063/proj/db/lpm_divide_fkl.tdf Line: 24
Info (12021): Found 1 design units, including 1 entities, in source file db/sign_div_unsign_ekh.tdf
    Info (12023): Found entity 1: sign_div_unsign_ekh File: D:/YeeXun/ECE4063/proj/db/sign_div_unsign_ekh.tdf Line: 24
Info (12021): Found 1 design units, including 1 entities, in source file db/alt_u_div_6fe.tdf
    Info (12023): Found entity 1: alt_u_div_6fe File: D:/YeeXun/ECE4063/proj/db/alt_u_div_6fe.tdf Line: 26
Info (12021): Found 1 design units, including 1 entities, in source file db/add_sub_t3c.tdf
    Info (12023): Found entity 1: add_sub_t3c File: D:/YeeXun/ECE4063/proj/db/add_sub_t3c.tdf Line: 22
Info (12021): Found 1 design units, including 1 entities, in source file db/add_sub_u3c.tdf
    Info (12023): Found entity 1: add_sub_u3c File: D:/YeeXun/ECE4063/proj/db/add_sub_u3c.tdf Line: 22
Info (12130): Elaborated megafunction instantiation "hex_display:u_disp|lpm_divide:Mod1" File: D:/YeeXun/ECE4063/proj/hex_display.sv Line: 15
Info (12133): Instantiated megafunction "hex_display:u_disp|lpm_divide:Mod1" with the following parameter: File: D:/YeeXun/ECE4063/proj/hex_display.sv Line: 15
    Info (12134): Parameter "LPM_WIDTHN" = "7"
    Info (12134): Parameter "LPM_WIDTHD" = "4"
    Info (12134): Parameter "LPM_NREPRESENTATION" = "UNSIGNED"
    Info (12134): Parameter "LPM_DREPRESENTATION" = "UNSIGNED"
Info (12021): Found 1 design units, including 1 entities, in source file db/lpm_divide_bkl.tdf
    Info (12023): Found entity 1: lpm_divide_bkl File: D:/YeeXun/ECE4063/proj/db/lpm_divide_bkl.tdf Line: 24
Info (12021): Found 1 design units, including 1 entities, in source file db/sign_div_unsign_akh.tdf
    Info (12023): Found entity 1: sign_div_unsign_akh File: D:/YeeXun/ECE4063/proj/db/sign_div_unsign_akh.tdf Line: 24
Info (12021): Found 1 design units, including 1 entities, in source file db/alt_u_div_uee.tdf
    Info (12023): Found entity 1: alt_u_div_uee File: D:/YeeXun/ECE4063/proj/db/alt_u_div_uee.tdf Line: 26
Info (12130): Elaborated megafunction instantiation "hex_display:u_disp|lpm_divide:Div1" File: D:/YeeXun/ECE4063/proj/hex_display.sv Line: 14
Info (12133): Instantiated megafunction "hex_display:u_disp|lpm_divide:Div1" with the following parameter: File: D:/YeeXun/ECE4063/proj/hex_display.sv Line: 14
    Info (12134): Parameter "LPM_WIDTHN" = "7"
    Info (12134): Parameter "LPM_WIDTHD" = "4"
    Info (12134): Parameter "LPM_NREPRESENTATION" = "UNSIGNED"
    Info (12134): Parameter "LPM_DREPRESENTATION" = "UNSIGNED"
Info (12021): Found 1 design units, including 1 entities, in source file db/lpm_divide_8sl.tdf
    Info (12023): Found entity 1: lpm_divide_8sl File: D:/YeeXun/ECE4063/proj/db/lpm_divide_8sl.tdf Line: 24
Info (12130): Elaborated megafunction instantiation "hex_display:u_disp|lpm_divide:Div0" File: D:/YeeXun/ECE4063/proj/hex_display.sv Line: 12
Info (12133): Instantiated megafunction "hex_display:u_disp|lpm_divide:Div0" with the following parameter: File: D:/YeeXun/ECE4063/proj/hex_display.sv Line: 12
    Info (12134): Parameter "LPM_WIDTHN" = "8"
    Info (12134): Parameter "LPM_WIDTHD" = "7"
    Info (12134): Parameter "LPM_NREPRESENTATION" = "UNSIGNED"
    Info (12134): Parameter "LPM_DREPRESENTATION" = "UNSIGNED"
Info (12021): Found 1 design units, including 1 entities, in source file db/lpm_divide_csl.tdf
    Info (12023): Found entity 1: lpm_divide_csl File: D:/YeeXun/ECE4063/proj/db/lpm_divide_csl.tdf Line: 24
Warning (13024): Output pins are stuck at VCC or GND
    Warning (13410): Pin "hex2[1]" is stuck at GND File: D:/YeeXun/ECE4063/proj/uart_rx_top.sv Line: 12
Info (286030): Timing-Driven Synthesis is running
Info (17049): 2 registers lost all their fanouts during netlist optimizations.
Info (16010): Generating hard_block partition "hard_block:auto_generated_inst"
    Info (16011): Adding 0 node(s), including 0 DDIO, 0 PLL, 0 transceiver and 0 LCELL
Warning (21074): Design contains 2 input pin(s) that do not drive logic
    Warning (15610): No output dependent on input pin "key[1]" File: D:/YeeXun/ECE4063/proj/uart_rx_top.sv Line: 3
    Warning (15610): No output dependent on input pin "dtr_n" File: D:/YeeXun/ECE4063/proj/uart_rx_top.sv Line: 5
Info (21057): Implemented 327 device resources after synthesis - the final resource count might be different
    Info (21058): Implemented 5 input pins
    Info (21059): Implemented 30 output pins
    Info (21061): Implemented 292 logic cells
Info: Quartus Prime Analysis & Synthesis was successful. 0 errors, 15 warnings
    Info: Peak virtual memory: 4818 megabytes
    Info: Processing ended: Thu May 15 09:30:06 2025
    Info: Elapsed time: 00:00:08
    Info: Total CPU time (on all processors): 00:00:05


